// Jest Snapshot v1, https://goo.gl/fbAQLP

exports[`should return gauges 1`] = `
Array [
  Object {
    "code": "gal1",
    "enabled": true,
    "flowUnit": "m3/s",
    "id": "aba8c106-aaa0-11e7-abc4-cec278b6b50a",
    "levelUnit": "cm",
    "location": Object {
      "coordinates": Array [
        1.1,
        2.2,
        3.3,
      ],
      "id": "0c86ff2c-bbdd-11e7-abc4-cec278b6b50a",
    },
    "name": "Galicia gauge 1",
    "requestParams": Object {
      "foo": "bar",
    },
    "source": Object {
      "enabled": true,
      "id": "6d0d717e-aa9d-11e7-abc4-cec278b6b50a",
      "name": "Galicia",
    },
    "url": "http://ya.ru",
  },
  Object {
    "code": "gal2",
    "enabled": false,
    "flowUnit": null,
    "id": "b77ef1b2-aaa0-11e7-abc4-cec278b6b50a",
    "levelUnit": null,
    "location": null,
    "name": "Galicia gauge 2",
    "requestParams": null,
    "source": Object {
      "enabled": true,
      "id": "6d0d717e-aa9d-11e7-abc4-cec278b6b50a",
      "name": "Galicia",
    },
    "url": null,
  },
  Object {
    "code": "gal2_1",
    "enabled": false,
    "flowUnit": null,
    "id": "53af1e64-19fe-11e8-accf-0ed5f89f718b",
    "levelUnit": null,
    "location": null,
    "name": "Galicia gauge 2 1",
    "requestParams": null,
    "source": Object {
      "enabled": true,
      "id": "9f962a34-bff9-11e7-abc4-cec278b6b50a",
      "name": "Galicia2",
    },
    "url": null,
  },
  Object {
    "code": "gal2_2",
    "enabled": false,
    "flowUnit": null,
    "id": "53af229c-19fe-11e8-accf-0ed5f89f718b",
    "levelUnit": null,
    "location": null,
    "name": "Galicia gauge 2 2",
    "requestParams": null,
    "source": Object {
      "enabled": true,
      "id": "9f962a34-bff9-11e7-abc4-cec278b6b50a",
      "name": "Galicia2",
    },
    "url": null,
  },
  Object {
    "code": "geo1",
    "enabled": true,
    "flowUnit": null,
    "id": "53af2530-19fe-11e8-accf-0ed5f89f718b",
    "levelUnit": null,
    "location": null,
    "name": "Georgian gauge 1",
    "requestParams": null,
    "source": Object {
      "enabled": false,
      "id": "53af1a54-19fe-11e8-accf-0ed5f89f718b",
      "name": "Georgia",
    },
    "url": null,
  },
  Object {
    "code": "geo2",
    "enabled": false,
    "flowUnit": null,
    "id": "53af279c-19fe-11e8-accf-0ed5f89f718b",
    "levelUnit": null,
    "location": null,
    "name": "Georgian gauge 2",
    "requestParams": null,
    "source": Object {
      "enabled": false,
      "id": "53af1a54-19fe-11e8-accf-0ed5f89f718b",
      "name": "Georgia",
    },
    "url": null,
  },
  Object {
    "code": "geo3",
    "enabled": false,
    "flowUnit": null,
    "id": "53af2bb6-19fe-11e8-accf-0ed5f89f718b",
    "levelUnit": null,
    "location": null,
    "name": "Georgian gauge 3",
    "requestParams": null,
    "source": Object {
      "enabled": false,
      "id": "53af1a54-19fe-11e8-accf-0ed5f89f718b",
      "name": "Georgia",
    },
    "url": null,
  },
  Object {
    "code": "geo4",
    "enabled": true,
    "flowUnit": null,
    "id": "53af2e2c-19fe-11e8-accf-0ed5f89f718b",
    "levelUnit": null,
    "location": null,
    "name": "Georgian gauge 4",
    "requestParams": null,
    "source": Object {
      "enabled": false,
      "id": "53af1a54-19fe-11e8-accf-0ed5f89f718b",
      "name": "Georgia",
    },
    "url": null,
  },
  Object {
    "code": "nor1",
    "enabled": false,
    "flowUnit": "m3/s",
    "id": "c03184b4-aaa0-11e7-abc4-cec278b6b50a",
    "levelUnit": "cm",
    "location": null,
    "name": "Norway gauge 1",
    "requestParams": Object {
      "nor": "way",
    },
    "source": Object {
      "enabled": true,
      "id": "786251d4-aa9d-11e7-abc4-cec278b6b50a",
      "name": "Norway",
    },
    "url": "http://yarr.ru",
  },
  Object {
    "code": "nor2",
    "enabled": false,
    "flowUnit": null,
    "id": "cc55b1c0-aaa0-11e7-abc4-cec278b6b50a",
    "levelUnit": null,
    "location": null,
    "name": "Norway gauge 2",
    "requestParams": null,
    "source": Object {
      "enabled": true,
      "id": "786251d4-aa9d-11e7-abc4-cec278b6b50a",
      "name": "Norway",
    },
    "url": null,
  },
  Object {
    "code": "nor3",
    "enabled": false,
    "flowUnit": null,
    "id": "1628c340-1a0a-11e8-accf-0ed5f89f718b",
    "levelUnit": null,
    "location": null,
    "name": "Norway gauge 3",
    "requestParams": null,
    "source": Object {
      "enabled": true,
      "id": "786251d4-aa9d-11e7-abc4-cec278b6b50a",
      "name": "Norway",
    },
    "url": null,
  },
  Object {
    "code": "nor4",
    "enabled": false,
    "flowUnit": null,
    "id": "1628cb60-1a0a-11e8-accf-0ed5f89f718b",
    "levelUnit": null,
    "location": null,
    "name": "Norway gauge 4",
    "requestParams": null,
    "source": Object {
      "enabled": true,
      "id": "786251d4-aa9d-11e7-abc4-cec278b6b50a",
      "name": "Norway",
    },
    "url": null,
  },
]
`;
