// Jest Snapshot v1, https://goo.gl/fbAQLP

exports[`data should return banners 1`] = `
{
  "count": 6,
  "nodes": [
    {
      "enabled": false,
      "extras": null,
      "groups": {
        "count": 1,
        "nodes": [
          {
            "id": "cad81a76-5c44-11e8-9c2d-fa7ae01bbebc",
            "name": "All regions",
          },
        ],
      },
      "id": "79f904c4-c66d-11e8-a355-529269fb1459",
      "link": "http://go.to/all_section_row_banner_disabled",
      "name": "all section row banner disabled",
      "placement": "mobileSectionRow",
      "priority": 20,
      "regions": {
        "count": 0,
        "nodes": [],
      },
      "slug": "all_section_row_banner_disabled",
      "source": {
        "kind": "WebView",
        "src": "http://whitewater.guide/all_section_row_banner_disabled",
        "url": "http://whitewater.guide/all_section_row_banner_disabled",
      },
    },
    {
      "enabled": true,
      "extras": null,
      "groups": {
        "count": 0,
        "nodes": [],
      },
      "id": "af282b16-c66d-11e8-a355-529269fb1459",
      "link": "http://go.to/galicia_region_descr_banner2",
      "name": "galicia region descr banner 2",
      "placement": "mobileRegionDescription",
      "priority": 10,
      "regions": {
        "count": 1,
        "nodes": [
          {
            "id": "bd3e10b6-7624-11e7-b5a5-be2e44b06b34",
            "name": "Galicia",
          },
        ],
      },
      "slug": "galicia_region_descr_banner2",
      "source": {
        "kind": "Image",
        "src": "imgproxy://w:1024/banners/banner_4.jpg",
        "url": "imgproxy://w:1024/banners/banner_4.jpg",
      },
    },
    {
      "enabled": true,
      "extras": null,
      "groups": {
        "count": 1,
        "nodes": [
          {
            "id": "cad81a76-5c44-11e8-9c2d-fa7ae01bbebc",
            "name": "All regions",
          },
        ],
      },
      "id": "cebb31b2-c66d-11e8-a355-529269fb1459",
      "link": "http://go.to/all_section_row_banner",
      "name": "all section row banner",
      "placement": "mobileSectionRow",
      "priority": 10,
      "regions": {
        "count": 0,
        "nodes": [],
      },
      "slug": "all_section_row_banner",
      "source": {
        "kind": "WebView",
        "src": "http://whitewater.guide/all_section_row_banner",
        "url": "http://whitewater.guide/all_section_row_banner",
      },
    },
    {
      "enabled": true,
      "extras": {
        "foo": "bar",
      },
      "groups": {
        "count": 0,
        "nodes": [],
      },
      "id": "46aa7206-c66d-11e8-a355-529269fb1459",
      "link": "http://go.to/norway_section_media_banner",
      "name": "norway section media banner",
      "placement": "mobileSectionMedia",
      "priority": 1,
      "regions": {
        "count": 1,
        "nodes": [
          {
            "id": "b968e2b2-76c5-11e7-b5a5-be2e44b06b34",
            "name": "Norway",
          },
        ],
      },
      "slug": "norway_section_media_banner",
      "source": {
        "kind": "WebView",
        "src": "http://whitewater.guide/norway_section_media_banner",
        "url": "http://whitewater.guide/norway_section_media_banner",
      },
    },
    {
      "enabled": true,
      "extras": null,
      "groups": {
        "count": 0,
        "nodes": [],
      },
      "id": "577ef5e8-c66d-11e8-a355-529269fb1459",
      "link": "http://go.to/galicia_section_row_banner",
      "name": "galicia section row banner",
      "placement": "mobileSectionRow",
      "priority": 1,
      "regions": {
        "count": 1,
        "nodes": [
          {
            "id": "bd3e10b6-7624-11e7-b5a5-be2e44b06b34",
            "name": "Galicia",
          },
        ],
      },
      "slug": "galicia_section_row_banner",
      "source": {
        "kind": "WebView",
        "src": "http://whitewater.guide/galicia_section_row_banner",
        "url": "http://whitewater.guide/galicia_section_row_banner",
      },
    },
    {
      "enabled": true,
      "extras": null,
      "groups": {
        "count": 0,
        "nodes": [],
      },
      "id": "8c89e25c-c66d-11e8-a355-529269fb1459",
      "link": "http://go.to/galicia_region_descr_banner",
      "name": "galicia region descr banner",
      "placement": "mobileRegionDescription",
      "priority": 1,
      "regions": {
        "count": 1,
        "nodes": [
          {
            "id": "bd3e10b6-7624-11e7-b5a5-be2e44b06b34",
            "name": "Galicia",
          },
        ],
      },
      "slug": "galicia_region_descr_banner",
      "source": {
        "kind": "WebView",
        "src": "http://whitewater.guide/galicia_region_descr_banner",
        "url": "http://whitewater.guide/galicia_region_descr_banner",
      },
    },
  ],
}
`;
