// Jest Snapshot v1, https://goo.gl/fbAQLP

exports[`should match snapshot 1`] = `
Object {
  "bounds": Array [
    Array [
      1,
      1,
      1,
    ],
    Array [
      2,
      2,
      2,
    ],
    Array [
      3,
      4,
      3,
    ],
  ],
  "description": EditorState {
    "_immutable": Object {
      "allowUndo": true,
      "currentContent": Object {
        "blockMap": Object {
          "random_key": Object {
            "characterList": Array [
              Object {
                "entity": null,
                "style": Array [],
              },
              Object {
                "entity": null,
                "style": Array [],
              },
              Object {
                "entity": null,
                "style": Array [],
              },
            ],
            "data": Object {},
            "depth": 0,
            "key": "random_key",
            "text": "bar",
            "type": "unstyled",
          },
        },
        "entityMap": Object {
          "__add": [Function],
          "__create": [Function],
          "__get": [Function],
          "__getLastCreatedEntityKey": [Function],
          "__mergeData": [Function],
          "__replaceData": [Function],
          "add": [Function],
          "create": [Function],
          "get": [Function],
          "getLastCreatedEntityKey": [Function],
          "mergeData": [Function],
          "replaceData": [Function],
        },
        "selectionAfter": Object {
          "anchorKey": "random_key",
          "anchorOffset": 0,
          "focusKey": "random_key",
          "focusOffset": 0,
          "hasFocus": false,
          "isBackward": false,
        },
        "selectionBefore": Object {
          "anchorKey": "random_key",
          "anchorOffset": 0,
          "focusKey": "random_key",
          "focusOffset": 0,
          "hasFocus": false,
          "isBackward": false,
        },
      },
      "decorator": null,
      "directionMap": Object {
        "random_key": "LTR",
      },
      "forceSelection": false,
      "inCompositionMode": false,
      "inlineStyleOverride": null,
      "lastChangeType": null,
      "nativelyRenderedContent": null,
      "redoStack": Array [],
      "selection": Object {
        "anchorKey": "random_key",
        "anchorOffset": 0,
        "focusKey": "random_key",
        "focusOffset": 0,
        "hasFocus": false,
        "isBackward": false,
      },
      "treeMap": Object {
        "random_key": Array [
          Object {
            "decoratorKey": null,
            "end": 3,
            "leaves": Array [
              Object {
                "end": 3,
                "start": 0,
              },
            ],
            "start": 0,
          },
        ],
      },
      "undoStack": Array [],
    },
  },
  "hidden": false,
  "id": "id",
  "name": "foo",
  "pois": Array [
    Object {
      "coordinates": Array [
        1,
        2,
        0,
      ],
      "description": "point_description",
      "id": "point_id",
      "kind": "take-out",
      "name": "point_name",
    },
  ],
  "season": "season",
  "seasonNumeric": Array [
    1,
    2,
  ],
}
`;
