// Jest Snapshot v1, https://goo.gl/fbAQLP

exports[`should match snapshot 1`] = `
Object {
  "bounds": null,
  "description": "foo",
  "hidden": false,
  "id": null,
  "name": "aa",
  "pois": Array [],
  "river": Object {
    "id": "river_id",
  },
  "season": null,
  "seasonNumeric": Array [],
  "sources": Array [
    Object {
      "id": "source_id",
    },
  ],
}
`;
