// Jest Snapshot v1, https://goo.gl/fbAQLP

exports[`should match snapshot 1`] = `
Object {
  "count": -402,
  "error": undefined,
  "loading": false,
  "nodes": Array [
    Object {
      "__typename": "Section",
      "altNames": Array [
        "Ratione labore explicabo",
        "Amet iure",
      ],
      "difficulty": 0.26554665761068463,
      "difficultyXtra": "Quos qui",
      "distance": 0.9168613343499601,
      "drop": 0.2116281110793352,
      "duration": 821,
      "flows": Object {
        "__typename": "GaugeBinding",
        "approximate": true,
        "impossible": 0.7471216395497322,
        "maximum": 0.8635418526828289,
        "minimum": 0.42690982366912067,
        "optimum": 0.7518729693256319,
        Symbol(id): "$ROOT_QUERY.sections({\\"filter\\":{}}).nodes.0.flows",
      },
      "flowsText": "Molestiae eos commodi",
      "gauge": Object {
        "__typename": "Gauge",
        "flowUnit": "Incidunt facere",
        "id": "e663cec9-50c9-4259-a0eb-47ec9704edb8",
        "language": "Quasi quia rem",
        "lastFlow": 0.28976000170223415,
        "lastLevel": 0.8006326730828732,
        "lastTimestamp": 2017-01-31T21:00:00.000Z,
        "levelUnit": "Optio laudantium",
        "location": Object {
          "__typename": "Point",
          "coordinates": Array [
            0.018647290067747235,
            0.8129949716385454,
          ],
          "id": "9c3e0b81-3060-4108-81d4-938fd4134199",
          "kind": "Quam natus consequatur",
          Symbol(id): "Point:9c3e0b81-3060-4108-81d4-938fd4134199",
        },
        "name": "Quod non",
        Symbol(id): "Gauge:e663cec9-50c9-4259-a0eb-47ec9704edb8:Quasi quia rem",
      },
      "language": "Alias magni corporis",
      "levels": Object {
        "__typename": "GaugeBinding",
        "approximate": true,
        "impossible": 0.6129480903036892,
        "maximum": 0.7173916019964963,
        "minimum": 0.23297427338548005,
        "optimum": 0.8071051912847906,
        Symbol(id): "$ROOT_QUERY.sections({\\"filter\\":{}}).nodes.0.levels",
      },
      "name": "Asperiores quisquam",
      "putIn": Object {
        "__typename": "Point",
        "coordinates": Array [
          0.13747470267117023,
          0.44798018294386566,
        ],
        "id": "8992f94b-2186-4fb7-980c-90a28cf09ee8",
        "kind": "Necessitatibus aut",
        Symbol(id): "Point:8992f94b-2186-4fb7-980c-90a28cf09ee8",
      },
      "rating": 0.0533625443931669,
      "region": Object {
        "__typename": "Region",
        "id": "e683b452-bcd6-400c-afab-547c31177e14",
        "language": "Quis quia magni",
        "name": "Voluptatem dicta cum",
        Symbol(id): "Region:e683b452-bcd6-400c-afab-547c31177e14:Quis quia magni",
      },
      "river": Object {
        "__typename": "River",
        "altNames": Array [
          "Eum ipsa",
          "Ipsum veritatis",
        ],
        "id": "4a6e8d65-b837-4e30-aae6-6862f3ccbfc5",
        "language": "Eligendi occaecati",
        "name": "Et saepe eum",
        Symbol(id): "River:4a6e8d65-b837-4e30-aae6-6862f3ccbfc5:Eligendi occaecati",
      },
      "season": "Libero aspernatur deserunt",
      "seasonNumeric": Array [
        -158,
        343,
      ],
      "shape": Array [
        Array [
          0.06406732695177197,
          0.44991213316097856,
        ],
        Array [
          0.35531036322936416,
          0.5783896073698997,
        ],
      ],
      "takeOut": Object {
        "__typename": "Point",
        "coordinates": Array [
          0.6216957198921591,
          0.07379201101139188,
        ],
        "id": "7682ae55-8cab-42eb-aac5-4c45ec6ef0a7",
        "kind": "Repellendus rerum",
        Symbol(id): "Point:7682ae55-8cab-42eb-aac5-4c45ec6ef0a7",
      },
      "updatedAt": 2017-01-31T21:00:00.000Z,
      Symbol(id): "$ROOT_QUERY.sections({\\"filter\\":{}}).nodes.0",
    },
    Object {
      "__typename": "Section",
      "altNames": Array [
        "Tempora et quo",
        "Natus et",
      ],
      "difficulty": 0.9319720673374832,
      "difficultyXtra": "Perferendis molestiae ut",
      "distance": 0.7368114623241127,
      "drop": 0.9078158584889024,
      "duration": -669,
      "flows": Object {
        "__typename": "GaugeBinding",
        "approximate": false,
        "impossible": 0.662719814805314,
        "maximum": 0.9038419506978244,
        "minimum": 0.9348721976857632,
        "optimum": 0.7820920196827501,
        Symbol(id): "$ROOT_QUERY.sections({\\"filter\\":{}}).nodes.1.flows",
      },
      "flowsText": "Sit aliquam",
      "gauge": Object {
        "__typename": "Gauge",
        "flowUnit": "Ut quis cumque",
        "id": "e9363cd5-2ed9-4823-b990-1060a6e90dfc",
        "language": "Aliquam ut",
        "lastFlow": 0.009999727364629507,
        "lastLevel": 0.42670101183466613,
        "lastTimestamp": 2017-01-31T21:00:00.000Z,
        "levelUnit": "Non in quam",
        "location": Object {
          "__typename": "Point",
          "coordinates": Array [
            0.19856988824903965,
            0.27390032494440675,
          ],
          "id": "8bc1d0cc-aed0-454a-9756-26068529862f",
          "kind": "Cum nobis",
          Symbol(id): "Point:8bc1d0cc-aed0-454a-9756-26068529862f",
        },
        "name": "Id nesciunt",
        Symbol(id): "Gauge:e9363cd5-2ed9-4823-b990-1060a6e90dfc:Aliquam ut",
      },
      "language": "Quae repudiandae aut",
      "levels": Object {
        "__typename": "GaugeBinding",
        "approximate": false,
        "impossible": 0.031956219114363194,
        "maximum": 0.2198662981390953,
        "minimum": 0.34334623953327537,
        "optimum": 0.7976388069801033,
        Symbol(id): "$ROOT_QUERY.sections({\\"filter\\":{}}).nodes.1.levels",
      },
      "name": "Sequi quia",
      "putIn": Object {
        "__typename": "Point",
        "coordinates": Array [
          0.0785199694801122,
          0.13507915544323623,
        ],
        "id": "8cf6fe83-f0ae-4647-8908-6ece569f0252",
        "kind": "Quas perferendis voluptatem",
        Symbol(id): "Point:8cf6fe83-f0ae-4647-8908-6ece569f0252",
      },
      "rating": 0.7285573966801167,
      "region": Object {
        "__typename": "Region",
        "id": "93bea742-0c53-4a13-8c21-441c23ea98de",
        "language": "Voluptatem quia et",
        "name": "Minus cupiditate est",
        Symbol(id): "Region:93bea742-0c53-4a13-8c21-441c23ea98de:Voluptatem quia et",
      },
      "river": Object {
        "__typename": "River",
        "altNames": Array [
          "Omnis similique blanditiis",
          "Provident maiores",
        ],
        "id": "1214f594-2142-4b23-b95f-1db34739fde2",
        "language": "Voluptatem est quasi",
        "name": "Corrupti vel",
        Symbol(id): "River:1214f594-2142-4b23-b95f-1db34739fde2:Voluptatem est quasi",
      },
      "season": "Culpa ratione",
      "seasonNumeric": Array [
        -240,
        18,
      ],
      "shape": Array [
        Array [
          0.9500433071516454,
          0.599110308336094,
        ],
        Array [
          0.31361083034425974,
          0.015533273806795478,
        ],
      ],
      "takeOut": Object {
        "__typename": "Point",
        "coordinates": Array [
          0.7986035882495344,
          0.577067632926628,
        ],
        "id": "6ffd5072-0582-4ec8-94f5-8ee3d0ef7685",
        "kind": "Consequuntur quos",
        Symbol(id): "Point:6ffd5072-0582-4ec8-94f5-8ee3d0ef7685",
      },
      "updatedAt": 2017-01-31T21:00:00.000Z,
      Symbol(id): "$ROOT_QUERY.sections({\\"filter\\":{}}).nodes.1",
    },
  ],
  "refetch": [Function],
}
`;
