// Jest Snapshot v1, https://goo.gl/fbAQLP

exports[`should return sections 1`] = `
Object {
  "count": 6,
  "nodes": Array [
    Object {
      "gauge": Object {
        "id": "53af2e2c-19fe-11e8-accf-0ed5f89f718b",
        "name": "Georgian gauge 4",
      },
      "hidden": false,
      "id": "9e9c0366-84e2-11e8-adc0-fa7ae01bbebc",
      "name": "Extreme race",
      "rating": 5,
      "region": Object {
        "id": "8e119768-37f3-11e8-b467-0ed5f89f718b",
        "name": "Georgia",
      },
      "river": Object {
        "id": "b80554ba-5db4-11e8-9c2d-fa7ae01bbebc",
        "name": "Bzhuzha",
      },
    },
    Object {
      "gauge": Object {
        "id": "53af2530-19fe-11e8-accf-0ed5f89f718b",
        "name": "Georgian gauge 1",
      },
      "hidden": false,
      "id": "e6e0e826-5db4-11e8-9c2d-fa7ae01bbebc",
      "name": "Long Race",
      "rating": 5,
      "region": Object {
        "id": "8e119768-37f3-11e8-b467-0ed5f89f718b",
        "name": "Georgia",
      },
      "river": Object {
        "id": "b80554ba-5db4-11e8-9c2d-fa7ae01bbebc",
        "name": "Bzhuzha",
      },
    },
    Object {
      "gauge": null,
      "hidden": false,
      "id": "f73b533c-5db4-11e8-9c2d-fa7ae01bbebc",
      "name": "Qualification",
      "rating": 5,
      "region": Object {
        "id": "8e119768-37f3-11e8-b467-0ed5f89f718b",
        "name": "Georgia",
      },
      "river": Object {
        "id": "b80554ba-5db4-11e8-9c2d-fa7ae01bbebc",
        "name": "Bzhuzha",
      },
    },
    Object {
      "gauge": Object {
        "id": "aba8c106-aaa0-11e7-abc4-cec278b6b50a",
        "name": "Galicia gauge 1",
      },
      "hidden": false,
      "id": "2b01742c-d443-11e7-9296-cec278b6b50a",
      "name": "Gal_riv_1_sec_1",
      "rating": 4.5,
      "region": Object {
        "id": "bd3e10b6-7624-11e7-b5a5-be2e44b06b34",
        "name": "Galicia",
      },
      "river": Object {
        "id": "a8416664-bfe3-11e7-abc4-cec278b6b50a",
        "name": "Gal_Riv_One",
      },
    },
    Object {
      "gauge": Object {
        "id": "aba8c106-aaa0-11e7-abc4-cec278b6b50a",
        "name": "Galicia gauge 1",
      },
      "hidden": false,
      "id": "3a6e3210-d529-11e7-9296-cec278b6b50a",
      "name": "Gal_riv_1_sec_2",
      "rating": 2.5,
      "region": Object {
        "id": "bd3e10b6-7624-11e7-b5a5-be2e44b06b34",
        "name": "Galicia",
      },
      "river": Object {
        "id": "a8416664-bfe3-11e7-abc4-cec278b6b50a",
        "name": "Gal_Riv_One",
      },
    },
    Object {
      "gauge": null,
      "hidden": false,
      "id": "21f2351e-d52a-11e7-9296-cec278b6b50a",
      "name": "Amot",
      "rating": 5,
      "region": Object {
        "id": "b968e2b2-76c5-11e7-b5a5-be2e44b06b34",
        "name": "Norway",
      },
      "river": Object {
        "id": "d4396dac-d528-11e7-9296-cec278b6b50a",
        "name": "Sjoa",
      },
    },
  ],
}
`;
