// Jest Snapshot v1, https://goo.gl/fbAQLP

exports[`should match snapshot 1`] = `
Object {
  "mutating": false,
  "regions": Object {
    "count": 496,
    "error": undefined,
    "loading": false,
    "nodes": Array [
      Object {
        "__typename": "Region",
        "gauges": Object {
          "__typename": "RegionGaugeConnection",
          "count": 601,
          Symbol(id): "$Region:7fbe024f-3316-4265-a6e8-c65a837e308a.gauges",
        },
        "hidden": true,
        "id": "7fbe024f-3316-4265-a6e8-c65a837e308a",
        "language": "Esse blanditiis natus",
        "name": "Qui itaque",
        "rivers": Object {
          "__typename": "RegionRiverConnection",
          "count": 557,
          Symbol(id): "$Region:7fbe024f-3316-4265-a6e8-c65a837e308a.rivers",
        },
        Symbol(id): "Region:7fbe024f-3316-4265-a6e8-c65a837e308a",
      },
      Object {
        "__typename": "Region",
        "gauges": Object {
          "__typename": "RegionGaugeConnection",
          "count": 321,
          Symbol(id): "$Region:afc51b8e-ced1-4d04-80ea-096af683b452.gauges",
        },
        "hidden": false,
        "id": "afc51b8e-ced1-4d04-80ea-096af683b452",
        "language": "Dolor fugiat velit",
        "name": "Aperiam placeat",
        "rivers": Object {
          "__typename": "RegionRiverConnection",
          "count": 978,
          Symbol(id): "$Region:afc51b8e-ced1-4d04-80ea-096af683b452.rivers",
        },
        Symbol(id): "Region:afc51b8e-ced1-4d04-80ea-096af683b452",
      },
    ],
    "refetch": [Function],
  },
  "removeRegion": [Function],
  "setMutating": [Function],
}
`;
