// Jest Snapshot v1, https://goo.gl/fbAQLP

exports[`should match snapshot 1`] = `
Object {
  "errors": Object {},
  "region": Object {
    "__typename": "Region",
    "bounds": Array [
      Array [
        0.045345725025981665,
        0.6637946488335729,
      ],
      Array [
        0.13996612024493515,
        0.5148891075514257,
      ],
    ],
    "description": "Delectus et ipsam",
    "hidden": false,
    "id": "7fbe024f-3316-4265-a6e8-c65a837e308a",
    "name": "Esse blanditiis natus",
    "pois": Array [
      Object {
        "__typename": "Point",
        "coordinates": Array [
          0.2984952984843403,
          0.28044399223290384,
        ],
        "description": "Maiores distinctio placeat",
        "id": "0b8eded1-c042-40ea-896a-e683b452acd6",
        "kind": "Temporibus modi",
        "name": "Aperiam placeat",
        Symbol(id): "Point:0b8eded1-c042-40ea-896a-e683b452acd6",
      },
      Object {
        "__typename": "Point",
        "coordinates": Array [
          0.4930595934856683,
          0.4141792661976069,
        ],
        "description": "Hic eligendi",
        "id": "0177e14e-5128-401a-b3e4-57909992f94b",
        "kind": "Ab voluptas sed",
        "name": "Aut provident",
        Symbol(id): "Point:0177e14e-5128-401a-b3e4-57909992f94b",
      },
    ],
    "season": "Qui itaque",
    "seasonNumeric": Array [
      -604,
      557,
    ],
    Symbol(id): "Region:7fbe024f-3316-4265-a6e8-c65a837e308a",
  },
  "regionId": "7fbe024f-3316-4265-a6e8-c65a837e308a",
  "regionLoading": false,
}
`;
