// Jest Snapshot v1, https://goo.gl/fbAQLP

exports[`buildConnectionField should build simple connection field select 1`] = `"with \\"tbl_internal\\" as (select \\"tbl\\".*, count(tbl.*) OVER() from \\"tbl\\" where \\"tbl\\".\\"fk\\" = \\"src\\".\\"id\\") select json_build_object('count', (select \\"tbl_internal\\".\\"count\\" from \\"tbl_internal\\" limit 1), 'nodes', (select json_agg(tbl_internal.*) from \\"tbl_internal\\"))"`;

exports[`buildConnectionField should include limit and offset 1`] = `"with \\"tbl_internal\\" as (select \\"tbl\\".*, count(tbl.*) OVER() from \\"tbl\\" where \\"tbl\\".\\"fk\\" = \\"src\\".\\"id\\" limit 10 offset 20) select json_build_object('count', (select \\"tbl_internal\\".\\"count\\" from \\"tbl_internal\\" limit 1), 'nodes', (select json_agg(tbl_internal.*) from \\"tbl_internal\\"))"`;

exports[`buildConnectionSubquery should build correct sql with nodes 1`] = `"select json_build_object('count', (select \\"regions_connection_internal\\".\\"count\\" from \\"regions_connection_internal\\" limit 1), 'nodes', (select json_agg(regions_connection_internal.*) from \\"regions_connection_internal\\"))"`;

exports[`buildConnectionSubquery should build correct sql without nodes 1`] = `"select json_build_object('count', (select count(\\"regions_connection_internal\\".*) from \\"regions_connection_internal\\"))"`;

exports[`getPrimitives should match snapshot 1`] = `
Array [
  "tablename.camel_case",
  "tablename.snake_case",
  "tablename.regular",
  "tablename.everyone",
]
`;
