// Jest Snapshot v1, https://goo.gl/fbAQLP

exports[`should return rivers 1`] = `
Object {
  "count": 7,
  "nodes": Array [
    Object {
      "altNames": Array [],
      "id": "a8416664-bfe3-11e7-abc4-cec278b6b50a",
      "name": "Beca",
      "region": Object {
        "id": "bd3e10b6-7624-11e7-b5a5-be2e44b06b34",
        "name": "Galicia",
      },
      "sections": Object {
        "count": 2,
        "nodes": Array [
          Object {
            "id": "2b01742c-d443-11e7-9296-cec278b6b50a",
            "name": "Lower",
          },
          Object {
            "id": "3a6e3210-d529-11e7-9296-cec278b6b50a",
            "name": "Upper",
          },
        ],
      },
    },
    Object {
      "altNames": Array [],
      "id": "b80554ba-5db4-11e8-9c2d-fa7ae01bbebc",
      "name": "Bzhuzha",
      "region": Object {
        "id": "8e119768-37f3-11e8-b467-0ed5f89f718b",
        "name": "Georgia",
      },
      "sections": Object {
        "count": 3,
        "nodes": Array [
          Object {
            "id": "9e9c0366-84e2-11e8-adc0-fa7ae01bbebc",
            "name": "Extreme race",
          },
          Object {
            "id": "e6e0e826-5db4-11e8-9c2d-fa7ae01bbebc",
            "name": "Long Race",
          },
          Object {
            "id": "f73b533c-5db4-11e8-9c2d-fa7ae01bbebc",
            "name": "Qualification",
          },
        ],
      },
    },
    Object {
      "altNames": Array [],
      "id": "d69dbabc-bfe3-11e7-abc4-cec278b6b50a",
      "name": "Cabe",
      "region": Object {
        "id": "bd3e10b6-7624-11e7-b5a5-be2e44b06b34",
        "name": "Galicia",
      },
      "sections": Object {
        "count": 0,
        "nodes": Array [],
      },
    },
    Object {
      "altNames": Array [],
      "id": "e7a25ab6-d528-11e7-9296-cec278b6b50a",
      "name": "Finna",
      "region": Object {
        "id": "b968e2b2-76c5-11e7-b5a5-be2e44b06b34",
        "name": "Norway",
      },
      "sections": Object {
        "count": 0,
        "nodes": Array [],
      },
    },
    Object {
      "altNames": Array [],
      "id": "5ece96ad-59a7-4cc1-a092-b5cd2f464131",
      "name": "Quijos",
      "region": Object {
        "id": "2caf75ca-7625-11e7-b5a5-be2e44b06b34",
        "name": "Ecuador",
      },
      "sections": Object {
        "count": 2,
        "nodes": Array [
          Object {
            "id": "7104f00c-31ad-4375-992e-5efebef813dd",
            "name": "Bridge to bridge",
          },
          Object {
            "id": "2ffe67e5-6394-4341-9ae3-415271ce71fd",
            "name": "Cheese house",
          },
        ],
      },
    },
    Object {
      "altNames": Array [
        "Shoa",
        "Sjøa",
      ],
      "id": "d4396dac-d528-11e7-9296-cec278b6b50a",
      "name": "Sjoa",
      "region": Object {
        "id": "b968e2b2-76c5-11e7-b5a5-be2e44b06b34",
        "name": "Norway",
      },
      "sections": Object {
        "count": 1,
        "nodes": Array [
          Object {
            "id": "21f2351e-d52a-11e7-9296-cec278b6b50a",
            "name": "Amot",
          },
        ],
      },
    },
    Object {
      "altNames": Array [],
      "id": "72d18088-eebb-4f62-a359-186bc93ccb71",
      "name": "Мзымта",
      "region": Object {
        "id": "a2056850-23ae-434d-b06c-7ea1900e5de2",
        "name": "Россия",
      },
      "sections": Object {
        "count": 1,
        "nodes": Array [
          Object {
            "id": "b06c0a6e-9975-4a46-8a77-580a4f453973",
            "name": "Пасека",
          },
        ],
      },
    },
  ],
}
`;
