// Jest Snapshot v1, https://goo.gl/fbAQLP

exports[`should match snapshot 1`] = `
Object {
  "list": Array [
    Object {
      "__typename": "Source",
      "enabled": true,
      "harvestMode": "oneByOne",
      "id": "7fbe024f-3316-4265-a6e8-c65a837e308a",
      "language": "Esse blanditiis natus",
      "name": "Qui itaque",
      Symbol(id): "Source:7fbe024f-3316-4265-a6e8-c65a837e308a",
    },
    Object {
      "__typename": "Source",
      "enabled": true,
      "harvestMode": "oneByOne",
      "id": "dcbfc51b-9ede-4d1d-8420-fa196af683b4",
      "language": "Qui nobis",
      "name": "Fugiat velit voluptatem",
      Symbol(id): "Source:dcbfc51b-9ede-4d1d-8420-fa196af683b4",
    },
  ],
  "loading": false,
  "refetch": [Function],
}
`;
