// Jest Snapshot v1, https://goo.gl/fbAQLP

exports[`should match snapshot 1`] = `
Object {
  "errors": Object {},
  "scripts": Object {
    "list": Array [
      Object {
        "__typename": "Script",
        "error": "Quam tempore a",
        "harvestMode": "oneByOne",
        "id": "Ad ipsum",
        "name": "Debitis libero",
        Symbol(id): "Script:Ad ipsum",
      },
      Object {
        "__typename": "Script",
        "error": "Fugiat velit voluptatem",
        "harvestMode": "allAtOnce",
        "id": "Provident velit",
        "name": "Nostrum ipsam qui",
        Symbol(id): "Script:Provident velit",
      },
    ],
    "loading": false,
    "refetch": [Function],
  },
  "source": Object {
    "data": Object {
      "__typename": "Source",
      "cron": "Eligendi occaecati",
      "enabled": false,
      "harvestMode": "allAtOnce",
      "id": "7fbe024f-3316-4265-a6e8-c65a837e308a",
      "language": "Qui itaque",
      "name": "Esse blanditiis natus",
      "script": "Delectus et ipsam",
      "termsOfUse": "Omnis et",
      "url": "Saepe eum dicta",
      Symbol(id): "Source:7fbe024f-3316-4265-a6e8-c65a837e308a",
    },
    "loading": false,
  },
  "sourceId": "7fbe024f-3316-4265-a6e8-c65a837e308a",
}
`;
