// Jest Snapshot v1, https://goo.gl/fbAQLP

exports[`should match snapshot 1`] = `
Object {
  "error": undefined,
  "loading": false,
  "node": Object {
    "__typename": "Source",
    "cron": "Eligendi occaecati",
    "enabled": false,
    "harvestMode": "allAtOnce",
    "id": "7fbe024f-3316-4265-a6e8-c65a837e308a",
    "language": "Qui itaque",
    "name": "Esse blanditiis natus",
    "regions": Object {
      "__typename": "SourceRegionConnection",
      "nodes": Array [
        Object {
          "__typename": "Region",
          "id": "1420ea19-7af6-483b-952a-dd600c9fab44",
          "language": "Temporibus modi",
          "name": "Architecto ducimus",
          Symbol(id): "Region:1420ea19-7af6-483b-952a-dd600c9fab44",
        },
        Object {
          "__typename": "Region",
          "id": "6e14e412-901a-4e3e-9479-19992f94b318",
          "language": "Hic eligendi",
          "name": "Esse ut",
          Symbol(id): "Region:6e14e412-901a-4e3e-9479-19992f94b318",
        },
      ],
      Symbol(id): "$Source:7fbe024f-3316-4265-a6e8-c65a837e308a.regions",
    },
    "script": "Delectus et ipsam",
    "termsOfUse": "Omnis et",
    "url": "Saepe eum dicta",
    Symbol(id): "Source:7fbe024f-3316-4265-a6e8-c65a837e308a",
  },
  "refetch": [Function],
}
`;
