// Jest Snapshot v1, https://goo.gl/fbAQLP

exports[`should match snapshot 1`] = `
Object {
  "list": Array [
    Object {
      "__typename": "Source",
      "enabled": false,
      "harvestMode": "oneByOne",
      "id": "7fbe024f-3316-4265-a6e8-c65a837e308a",
      "language": "Esse blanditiis natus",
      "name": "Qui itaque",
      Symbol(id): "Source:7fbe024f-3316-4265-a6e8-c65a837e308a",
    },
    Object {
      "__typename": "Source",
      "enabled": false,
      "harvestMode": "allAtOnce",
      "id": "dbfc51b8-fded-41d0-920e-b196af683b45",
      "language": "Nobis dolor",
      "name": "Velit voluptatem aperiam",
      Symbol(id): "Source:dbfc51b8-fded-41d0-920e-b196af683b45",
    },
  ],
  "loading": false,
  "refetch": [Function],
}
`;
