// Jest Snapshot v1, https://goo.gl/fbAQLP

exports[`should return gauge 1`] = `
Object {
  "code": "gal1",
  "cron": null,
  "enabled": false,
  "flowUnit": "m3/s",
  "id": "aba8c106-aaa0-11e7-abc4-cec278b6b50a",
  "levelUnit": "cm",
  "name": "Galicia gauge 1",
  "requestParams": Object {
    "foo": "bar",
  },
  "source": Object {
    "harvestMode": "allAtOnce",
    "id": "6d0d717e-aa9d-11e7-abc4-cec278b6b50a",
    "language": "en",
    "name": "Galicia",
    "script": "galicia",
  },
  "url": "http://ya.ru",
}
`;
