// Jest Snapshot v1, https://goo.gl/fbAQLP

exports[`should return media 1`] = `
Object {
  "count": 4,
  "nodes": Array [
    Object {
      "copyright": "Photo 1 copyright",
      "description": "Photo 1 description",
      "id": "a32664ca-1ee5-11e8-b467-0ed5f89f718b",
      "kind": "photo",
      "resolution": Array [
        800,
        600,
      ],
      "size": 100000,
      "url": "a32664ca-1ee5-11e8-b467-0ed5f89f718b",
      "weight": 1,
    },
    Object {
      "copyright": "Blog copyright",
      "description": "Blog description",
      "id": "a326622c-1ee5-11e8-b467-0ed5f89f718b",
      "kind": "blog",
      "resolution": null,
      "size": 0,
      "url": "http://some.blog",
      "weight": 0,
    },
    Object {
      "copyright": "Photo 2 copyright",
      "description": "Photo 2 description",
      "id": "d0d234de-1ee6-11e8-b467-0ed5f89f718b",
      "kind": "photo",
      "resolution": Array [
        1024,
        768,
      ],
      "size": 333333,
      "url": "d0d234de-1ee6-11e8-b467-0ed5f89f718b",
      "weight": 0,
    },
    Object {
      "copyright": "Video copyright",
      "description": "Video description",
      "id": "a3266920-1ee5-11e8-b467-0ed5f89f718b",
      "kind": "video",
      "resolution": Array [
        1920,
        1080,
      ],
      "size": 0,
      "url": "http://some.video",
      "weight": 0,
    },
  ],
}
`;
