// Jest Snapshot v1, https://goo.gl/fbAQLP

exports[`results admin should get all regions 1`] = `
[
  {
    "bounds": [
      [
        1,
        0,
        0,
      ],
      [
        0,
        1,
        0,
      ],
      [
        1,
        1,
        0,
      ],
    ],
    "copyright": "copyrighter",
    "description": null,
    "editable": true,
    "hidden": false,
    "id": "2caf75ca-7625-11e7-b5a5-be2e44b06b34",
    "license": {
      "name": "Attribution-ShareAlike 4.0 International (CC BY-SA 4.0)",
      "slug": "CC_BY-SA",
      "url": "https://creativecommons.org/licenses/by-sa/4.0/",
    },
    "name": "Ecuador",
    "pois": [],
    "premium": true,
    "season": null,
    "seasonNumeric": [],
    "sku": "region.ecuador",
  },
  {
    "bounds": [
      [
        -114,
        46,
        0,
      ],
      [
        -115,
        46,
        0,
      ],
      [
        -115,
        47,
        0,
      ],
      [
        -114,
        47,
        0,
      ],
    ],
    "copyright": null,
    "description": "Description of Galicia",
    "editable": true,
    "hidden": false,
    "id": "bd3e10b6-7624-11e7-b5a5-be2e44b06b34",
    "license": null,
    "name": "Galicia",
    "pois": [
      {
        "coordinates": [
          20,
          30,
          40,
        ],
        "description": "Galicia Point 1 description",
        "id": "573f995a-d55f-4faf-8f11-5a6016ab562f",
        "kind": "kayak-shop",
        "name": "Galicia Point 1",
      },
      {
        "coordinates": [
          11,
          22,
          33,
        ],
        "description": "Galicia Point 2 description",
        "id": "d7530317-efac-44a7-92ff-8d045b2ac893",
        "kind": "other",
        "name": "Galicia Point 2",
      },
    ],
    "premium": false,
    "season": "Late autumn - early spring",
    "seasonNumeric": [
      20,
      21,
    ],
    "sku": null,
  },
  {
    "bounds": [
      [
        43.51,
        39.97,
        0,
      ],
      [
        41.93,
        46.39,
        0,
      ],
      [
        41.05,
        46.52,
        0,
      ],
      [
        41.51,
        41.58,
        0,
      ],
    ],
    "copyright": null,
    "description": "description of Georgia",
    "editable": true,
    "hidden": false,
    "id": "8e119768-37f3-11e8-b467-0ed5f89f718b",
    "license": null,
    "name": "Georgia",
    "pois": [],
    "premium": true,
    "season": "spring, summer, autumn",
    "seasonNumeric": [
      11,
      12,
    ],
    "sku": "region.georgia",
  },
  {
    "bounds": [
      [
        20.72,
        80.38,
        0,
      ],
      [
        14.2,
        74.58,
        0,
      ],
      [
        15.05,
        71.9,
        0,
      ],
      [
        22.66,
        77.5,
        0,
      ],
    ],
    "copyright": null,
    "description": "laos description",
    "editable": true,
    "hidden": true,
    "id": "a84d7eda-37f3-11e8-b467-0ed5f89f718b",
    "license": null,
    "name": "Laos",
    "pois": [
      {
        "coordinates": [
          4,
          3,
          343,
        ],
        "description": "Laos point 1 description",
        "id": "a52dfcc6-3716-11e8-b467-0ed5f89f718b",
        "kind": "other",
        "name": "Laos Point 1",
      },
    ],
    "premium": false,
    "season": "laos season",
    "seasonNumeric": [
      3,
      4,
      5,
      6,
    ],
    "sku": null,
  },
  {
    "bounds": [
      [
        4,
        5,
        0,
      ],
      [
        7,
        8,
        0,
      ],
      [
        5,
        6,
        0,
      ],
    ],
    "copyright": null,
    "description": null,
    "editable": true,
    "hidden": true,
    "id": "b968e2b2-76c5-11e7-b5a5-be2e44b06b34",
    "license": {
      "name": "Proprietary license",
      "slug": null,
      "url": null,
    },
    "name": "Norway",
    "pois": [],
    "premium": true,
    "season": null,
    "seasonNumeric": [],
    "sku": "region.norway",
  },
  {
    "bounds": [
      [
        -179,
        -89,
        0,
      ],
      [
        -179,
        89,
        0,
      ],
      [
        179,
        89,
        0,
      ],
      [
        179,
        -89,
        0,
      ],
    ],
    "copyright": null,
    "description": null,
    "editable": true,
    "hidden": false,
    "id": "7e535c02-8624-46a1-a865-d88fe4557361",
    "license": null,
    "name": "Others",
    "pois": [],
    "premium": false,
    "season": null,
    "seasonNumeric": [],
    "sku": null,
  },
  {
    "bounds": [
      [
        -17,
        -89,
        0,
      ],
      [
        -17,
        89,
        0,
      ],
      [
        17,
        89,
        0,
      ],
      [
        17,
        -89,
        0,
      ],
    ],
    "copyright": null,
    "description": null,
    "editable": true,
    "hidden": false,
    "id": "a2056850-23ae-434d-b06c-7ea1900e5de2",
    "license": null,
    "name": "Россия",
    "pois": [],
    "premium": false,
    "season": null,
    "seasonNumeric": [],
    "sku": null,
  },
]
`;
