// Jest Snapshot v1, https://goo.gl/fbAQLP

exports[`should match snapshot for existing river 1`] = `
Object {
  "altNames": Array [
    "Omnis et",
    "Delectus et ipsam",
  ],
  "id": "7fbe024f-3316-4265-a6e8-c65a837e308a",
  "name": "Qui itaque",
  "region": Object {
    "id": "0b8eded1-c042-40ea-896a-e683b452acd6",
    "name": "Maiores distinctio placeat",
  },
}
`;

exports[`should match snapshot for new river 1`] = `
Object {
  "altNames": Array [],
  "id": null,
  "name": "",
  "region": Object {
    "id": undefined,
  },
}
`;
