// Jest Snapshot v1, https://goo.gl/fbAQLP

exports[`should match snapshot 1`] = `
Object {
  "count": -1,
  "error": undefined,
  "fetchMore": [Function],
  "loading": false,
  "nodes": Array [
    Object {
      "__typename": "Section",
      "altNames": Array [
        "Omnis et",
        "Delectus et ipsam",
      ],
      "difficulty": 0.9445947585627437,
      "difficultyXtra": "Qui aut",
      "distance": 0.13996612024493515,
      "drop": 0.5148891075514257,
      "duration": 585,
      "flows": Object {
        "__typename": "GaugeBinding",
        "approximate": false,
        "impossible": 0.15213715727441013,
        "maximum": 0.0739689979236573,
        "minimum": 0.20329324109479785,
        "optimum": 0.25232574669644237,
        Symbol(id): "$Section:7fbe024f-3316-4265-a6e8-c65a837e308a:Qui itaque.flows",
      },
      "flowsText": "Adipisci itaque",
      "gauge": Object {
        "__typename": "Gauge",
        "flowUnit": "Qui similique",
        "id": "e1272be3-a713-4c8c-8e0b-91206010831d",
        "language": "Ut incidunt",
        "lastFlow": 0.07197428308427334,
        "lastLevel": 0.12976961280219257,
        "lastTimestamp": 2017-01-31T21:00:00.000Z,
        "levelUnit": "Ut minima",
        "location": Object {
          "__typename": "Point",
          "coordinates": Array [
            0.6543237715959549,
            0.012555981986224651,
          ],
          "id": "e6850dc4-2bc9-466d-bb68-725021e0e1c3",
          "kind": "Quo eaque natus",
          Symbol(id): "Point:e6850dc4-2bc9-466d-bb68-725021e0e1c3",
        },
        "name": "Delectus voluptas minima",
        Symbol(id): "Gauge:e1272be3-a713-4c8c-8e0b-91206010831d:Ut incidunt",
      },
      "id": "7fbe024f-3316-4265-a6e8-c65a837e308a",
      "language": "Qui itaque",
      "levels": Object {
        "__typename": "GaugeBinding",
        "approximate": true,
        "impossible": 0.568100462667644,
        "maximum": 0.9672763296402991,
        "minimum": 0.29435947188176215,
        "optimum": 0.36081475485116243,
        Symbol(id): "$Section:7fbe024f-3316-4265-a6e8-c65a837e308a:Qui itaque.levels",
      },
      "name": "Esse blanditiis natus",
      "putIn": Object {
        "__typename": "Point",
        "coordinates": Array [
          0.428091190289706,
          0.8813418289646506,
        ],
        "id": "9272ec66-92ae-4559-bab2-fb9ac55c45ec",
        "kind": "Perferendis nam et",
        Symbol(id): "Point:9272ec66-92ae-4559-bab2-fb9ac55c45ec",
      },
      "rating": 0.903401912888512,
      "region": Object {
        "__typename": "Region",
        "id": "f412801a-f3e4-4479-8999-3f94b3186fb7",
        "language": "Ut ab",
        "name": "Sed quae nam",
        Symbol(id): "Region:f412801a-f3e4-4479-8999-3f94b3186fb7:Ut ab",
      },
      "river": Object {
        "__typename": "River",
        "altNames": Array [
          "Veniam ducimus",
          "Modi odit architecto",
        ],
        "id": "0b8eded1-c042-40ea-896a-e683b452acd6",
        "language": "Aperiam placeat",
        "name": "Maiores distinctio placeat",
        Symbol(id): "River:0b8eded1-c042-40ea-896a-e683b452acd6:Aperiam placeat",
      },
      "season": "Totam et",
      "seasonNumeric": Array [
        -808,
        -413,
      ],
      "shape": Array [
        Array [
          0.9294372342992574,
          0.8316925894469023,
        ],
        Array [
          0.6908969192299992,
          0.5513249386567622,
        ],
      ],
      "takeOut": Object {
        "__typename": "Point",
        "coordinates": Array [
          0.7645925704855472,
          0.6233601169660687,
        ],
        "id": "811cf175-8f66-43ce-b940-d925980eb57e",
        "kind": "Sit enim",
        Symbol(id): "Point:811cf175-8f66-43ce-b940-d925980eb57e",
      },
      "updatedAt": 2017-01-31T21:00:00.000Z,
      Symbol(id): "Section:7fbe024f-3316-4265-a6e8-c65a837e308a:Qui itaque",
    },
    Object {
      "__typename": "Section",
      "altNames": Array [
        "Laudantium ut dolores",
        "Voluptas quis",
      ],
      "difficulty": 0.9401074866764247,
      "difficultyXtra": "Culpa saepe",
      "distance": 0.5343773367349058,
      "drop": 0.3447366547770798,
      "duration": -437,
      "flows": Object {
        "__typename": "GaugeBinding",
        "approximate": true,
        "impossible": 0.21868290333077312,
        "maximum": 0.4670853151474148,
        "minimum": 0.9096355261281133,
        "optimum": 0.25711829774081707,
        Symbol(id): "$Section:85f0db34-639f-4de2-b0a1-17d9c9758f19:Numquam maxime repudiandae.flows",
      },
      "flowsText": "Adipisci deleniti",
      "gauge": Object {
        "__typename": "Gauge",
        "flowUnit": "Sunt dicta",
        "id": "67563606-9529-4862-b6aa-246053c0eeec",
        "language": "Sint enim sit",
        "lastFlow": 0.5925118636805564,
        "lastLevel": 0.8470222826581448,
        "lastTimestamp": 2017-01-31T21:00:00.000Z,
        "levelUnit": "Non vero et",
        "location": Object {
          "__typename": "Point",
          "coordinates": Array [
            0.4751527374610305,
            0.22503995359875262,
          ],
          "id": "a087c091-6c5a-41c6-a13f-124cdd1ba922",
          "kind": "Totam ut ut",
          Symbol(id): "Point:a087c091-6c5a-41c6-a13f-124cdd1ba922",
        },
        "name": "Ullam at",
        Symbol(id): "Gauge:67563606-9529-4862-b6aa-246053c0eeec:Sint enim sit",
      },
      "id": "85f0db34-639f-4de2-b0a1-17d9c9758f19",
      "language": "Numquam maxime repudiandae",
      "levels": Object {
        "__typename": "GaugeBinding",
        "approximate": false,
        "impossible": 0.9163055517710745,
        "maximum": 0.31226983782835305,
        "minimum": 0.838779408717528,
        "optimum": 0.1392800493631512,
        Symbol(id): "$Section:85f0db34-639f-4de2-b0a1-17d9c9758f19:Numquam maxime repudiandae.levels",
      },
      "name": "Vel molestias",
      "putIn": Object {
        "__typename": "Point",
        "coordinates": Array [
          0.18401020532473922,
          0.19126027007587254,
        ],
        "id": "2d0ef768-4c94-427f-a50f-8363cd53ed98",
        "kind": "Officia laborum ab",
        Symbol(id): "Point:2d0ef768-4c94-427f-a50f-8363cd53ed98",
      },
      "rating": 0.8788319895975292,
      "region": Object {
        "__typename": "Region",
        "id": "629087ec-f569-4f02-9212-a8007ffd5072",
        "language": "Sit quas",
        "name": "Rerum consequatur",
        Symbol(id): "Region:629087ec-f569-4f02-9212-a8007ffd5072:Sit quas",
      },
      "river": Object {
        "__typename": "River",
        "altNames": Array [
          "Rerum in hic",
          "Iste sed repudiandae",
        ],
        "id": "2a131c21-441c-423e-a98d-f9451bb8cbe2",
        "language": "Nobis perferendis molestiae",
        "name": "Qui et",
        Symbol(id): "River:2a131c21-441c-423e-a98d-f9451bb8cbe2:Nobis perferendis molestiae",
      },
      "season": "Rerum molestiae",
      "seasonNumeric": Array [
        -220,
        -411,
      ],
      "shape": Array [
        Array [
          0.004663312807679176,
          0.3226810006890446,
        ],
        Array [
          0.2642033041920513,
          0.6707887910306454,
        ],
      ],
      "takeOut": Object {
        "__typename": "Point",
        "coordinates": Array [
          0.036469702143222094,
          0.7550821828190237,
        ],
        "id": "1060a6e9-1dfc-464f-892d-296a54b9bc1d",
        "kind": "Optio eveniet eos",
        Symbol(id): "Point:1060a6e9-1dfc-464f-892d-296a54b9bc1d",
      },
      "updatedAt": 2017-01-31T21:00:00.000Z,
      Symbol(id): "Section:85f0db34-639f-4de2-b0a1-17d9c9758f19:Numquam maxime repudiandae",
    },
  ],
  "refetch": [Function],
}
`;
