// Jest Snapshot v1, https://goo.gl/fbAQLP

exports[`admin should list sources 1`] = `
Array [
  Object {
    "cron": "0 * * * *",
    "enabled": false,
    "harvestMode": "allAtOnce",
    "id": "6d0d717e-aa9d-11e7-abc4-cec278b6b50a",
    "language": "en",
    "name": "Galicia",
    "script": "galicia",
    "url": "http://ya.ru",
  },
  Object {
    "cron": "1 * * * *",
    "enabled": false,
    "harvestMode": "oneByOne",
    "id": "9f962a34-bff9-11e7-abc4-cec278b6b50a",
    "language": "en",
    "name": "Galicia2",
    "script": "galicia2",
    "url": "http://yandex.ru",
  },
  Object {
    "cron": null,
    "enabled": true,
    "harvestMode": "allAtOnce",
    "id": "786251d4-aa9d-11e7-abc4-cec278b6b50a",
    "language": "en",
    "name": "Norway",
    "script": "norway",
    "url": null,
  },
]
`;
