// Jest Snapshot v1, https://goo.gl/fbAQLP

exports[`connections banners should get all banners 1`] = `
Object {
  "banners": Object {
    "count": 5,
    "nodes": Array [
      Object {
        "id": "af282b16-c66d-11e8-a355-529269fb1459",
        "name": "galicia region descr banner 2",
        "priority": 10,
      },
      Object {
        "id": "577ef5e8-c66d-11e8-a355-529269fb1459",
        "name": "galicia section row banner",
        "priority": 1,
      },
      Object {
        "id": "8c89e25c-c66d-11e8-a355-529269fb1459",
        "name": "galicia region descr banner",
        "priority": 1,
      },
      Object {
        "id": "79f904c4-c66d-11e8-a355-529269fb1459",
        "name": "all section row banner disabled",
        "priority": 20,
      },
      Object {
        "id": "cebb31b2-c66d-11e8-a355-529269fb1459",
        "name": "all section row banner",
        "priority": 10,
      },
    ],
  },
  "id": "bd3e10b6-7624-11e7-b5a5-be2e44b06b34",
  "name": "Galicia",
}
`;

exports[`connections should get gauges 1`] = `
Object {
  "count": 6,
  "nodes": Array [
    Object {
      "id": "aba8c106-aaa0-11e7-abc4-cec278b6b50a",
      "name": "Galicia gauge 1",
    },
    Object {
      "id": "b77ef1b2-aaa0-11e7-abc4-cec278b6b50a",
      "name": "Galicia gauge 2",
    },
    Object {
      "id": "c03184b4-aaa0-11e7-abc4-cec278b6b50a",
      "name": "Norway gauge 1",
    },
    Object {
      "id": "cc55b1c0-aaa0-11e7-abc4-cec278b6b50a",
      "name": "Norway gauge 2",
    },
    Object {
      "id": "1628c340-1a0a-11e8-accf-0ed5f89f718b",
      "name": "Norway gauge 3",
    },
    Object {
      "id": "1628cb60-1a0a-11e8-accf-0ed5f89f718b",
      "name": "Norway gauge 4",
    },
  ],
}
`;

exports[`connections should get media summary 1`] = `
Object {
  "id": "b968e2b2-76c5-11e7-b5a5-be2e44b06b34",
  "mediaSummary": Object {
    "blog": Object {
      "count": 1,
      "size": 0,
    },
    "photo": Object {
      "count": 2,
      "size": 433333,
    },
    "video": Object {
      "count": 1,
      "size": 0,
    },
  },
  "name": "Norway",
}
`;

exports[`connections should get rivers 1`] = `
Object {
  "count": 2,
  "nodes": Array [
    Object {
      "id": "a8416664-bfe3-11e7-abc4-cec278b6b50a",
      "name": "Gal_Riv_One",
    },
    Object {
      "id": "d69dbabc-bfe3-11e7-abc4-cec278b6b50a",
      "name": "Gal_riv_two",
    },
  ],
}
`;

exports[`connections should get sections 1`] = `
Object {
  "count": 2,
  "nodes": Array [
    Object {
      "id": "2b01742c-d443-11e7-9296-cec278b6b50a",
      "name": "Gal_riv_1_sec_1",
    },
    Object {
      "id": "3a6e3210-d529-11e7-9296-cec278b6b50a",
      "name": "Gal_riv_1_sec_2",
    },
  ],
}
`;

exports[`connections should get sources 1`] = `
Object {
  "count": 2,
  "nodes": Array [
    Object {
      "id": "6d0d717e-aa9d-11e7-abc4-cec278b6b50a",
      "name": "Galicia",
    },
    Object {
      "id": "9f962a34-bff9-11e7-abc4-cec278b6b50a",
      "name": "Galicia2",
    },
  ],
}
`;

exports[`data should return region 1`] = `
Object {
  "bounds": Array [
    Array [
      -114,
      46,
      0,
    ],
    Array [
      -115,
      46,
      0,
    ],
    Array [
      -115,
      47,
      0,
    ],
    Array [
      -114,
      47,
      0,
    ],
  ],
  "description": "Description of Galicia",
  "editable": true,
  "hidden": false,
  "id": "bd3e10b6-7624-11e7-b5a5-be2e44b06b34",
  "name": "Galicia",
  "pois": Array [
    Object {
      "coordinates": Array [
        20,
        30,
        40,
      ],
      "description": "r1p1 description",
      "id": "573f995a-d55f-4faf-8f11-5a6016ab562f",
      "kind": "kayak-shop",
      "name": "Region 1 Point 1",
    },
    Object {
      "coordinates": Array [
        11,
        22,
        33,
      ],
      "description": "r1p2 description",
      "id": "d7530317-efac-44a7-92ff-8d045b2ac893",
      "kind": "other",
      "name": "Region 1 Point 2",
    },
  ],
  "premium": false,
  "season": "Late autumn - early spring",
  "seasonNumeric": Array [
    20,
    21,
  ],
  "sku": null,
}
`;
