// Jest Snapshot v1, https://goo.gl/fbAQLP

exports[`should have regions list 1`] = `
Array [
  Object {
    "__typename": "Region",
    "id": "7fbe024f-3316-4265-a6e8-c65a837e308a",
    "language": "Esse blanditiis natus",
    "name": "Qui itaque",
    Symbol(id): "Region:7fbe024f-3316-4265-a6e8-c65a837e308a:Esse blanditiis natus",
  },
  Object {
    "__typename": "Region",
    "id": "2ccbfc51-a8ed-4ed1-b042-1ea196af683b",
    "language": "Ipsam qui",
    "name": "Dolor fugiat velit",
    Symbol(id): "Region:2ccbfc51-a8ed-4ed1-b042-1ea196af683b:Ipsam qui",
  },
]
`;

exports[`should have scripts list 1`] = `
Array [
  Object {
    "__typename": "Script",
    "error": "Temporibus modi",
    "harvestMode": "oneByOne",
    "id": "Placeat fuga",
    "name": "Distinctio placeat ullam",
    Symbol(id): "Script:Placeat fuga",
  },
  Object {
    "__typename": "Script",
    "error": "Quis quia magni",
    "harvestMode": "oneByOne",
    "id": "Architecto ducimus",
    "name": "Et aspernatur",
    Symbol(id): "Script:Architecto ducimus",
  },
]
`;

exports[`should match snapshot for existing source 1`] = `
Object {
  "cron": "Eligendi occaecati",
  "harvestMode": "allAtOnce",
  "id": "7fbe024f-3316-4265-a6e8-c65a837e308a",
  "name": "Esse blanditiis natus",
  "regions": Array [
    Object {
      "id": "c0420ea1-86af-4683-a452-bcd600c9fab4",
      "name": "Odit architecto",
    },
    Object {
      "id": "67e14e41-3801-4ae3-b447-809992f94b31",
      "name": "Esse ut",
    },
  ],
  "script": "Delectus et ipsam",
  "termsOfUse": EditorState {
    "_immutable": Object {
      "allowUndo": true,
      "currentContent": Object {
        "blockMap": Object {
          "random_key": Object {
            "characterList": Array [
              Object {
                "entity": null,
                "style": Array [],
              },
              Object {
                "entity": null,
                "style": Array [],
              },
              Object {
                "entity": null,
                "style": Array [],
              },
              Object {
                "entity": null,
                "style": Array [],
              },
              Object {
                "entity": null,
                "style": Array [],
              },
              Object {
                "entity": null,
                "style": Array [],
              },
              Object {
                "entity": null,
                "style": Array [],
              },
              Object {
                "entity": null,
                "style": Array [],
              },
            ],
            "data": Object {},
            "depth": 0,
            "key": "random_key",
            "text": "Omnis et",
            "type": "unstyled",
          },
        },
        "entityMap": Object {
          "__add": [Function],
          "__create": [Function],
          "__get": [Function],
          "__getLastCreatedEntityKey": [Function],
          "__mergeData": [Function],
          "__replaceData": [Function],
          "add": [Function],
          "create": [Function],
          "get": [Function],
          "getLastCreatedEntityKey": [Function],
          "mergeData": [Function],
          "replaceData": [Function],
        },
        "selectionAfter": Object {
          "anchorKey": "random_key",
          "anchorOffset": 0,
          "focusKey": "random_key",
          "focusOffset": 0,
          "hasFocus": false,
          "isBackward": false,
        },
        "selectionBefore": Object {
          "anchorKey": "random_key",
          "anchorOffset": 0,
          "focusKey": "random_key",
          "focusOffset": 0,
          "hasFocus": false,
          "isBackward": false,
        },
      },
      "decorator": null,
      "directionMap": Object {
        "random_key": "LTR",
      },
      "forceSelection": false,
      "inCompositionMode": false,
      "inlineStyleOverride": null,
      "lastChangeType": null,
      "nativelyRenderedContent": null,
      "redoStack": Array [],
      "selection": Object {
        "anchorKey": "random_key",
        "anchorOffset": 0,
        "focusKey": "random_key",
        "focusOffset": 0,
        "hasFocus": false,
        "isBackward": false,
      },
      "treeMap": Object {
        "random_key": Array [
          Object {
            "decoratorKey": null,
            "end": 8,
            "leaves": Array [
              Object {
                "end": 8,
                "start": 0,
              },
            ],
            "start": 0,
          },
        ],
      },
      "undoStack": Array [],
    },
  },
  "url": "Saepe eum dicta",
}
`;

exports[`should match snapshot for new source 1`] = `
Object {
  "cron": null,
  "harvestMode": "oneByOne",
  "id": null,
  "name": "",
  "regions": Array [],
  "script": "",
  "termsOfUse": null,
  "url": null,
}
`;
