// Jest Snapshot v1, https://goo.gl/fbAQLP

exports[`should match snapshot 1`] = `
Object {
  "altNames": Array [],
  "description": EditorState {
    "_immutable": Object {
      "allowUndo": true,
      "currentContent": Object {
        "blockMap": Object {
          "random_key": Object {
            "characterList": Array [
              Object {
                "entity": null,
                "style": Array [],
              },
              Object {
                "entity": null,
                "style": Array [],
              },
              Object {
                "entity": null,
                "style": Array [],
              },
              Object {
                "entity": null,
                "style": Array [],
              },
              Object {
                "entity": null,
                "style": Array [],
              },
              Object {
                "entity": null,
                "style": Array [],
              },
              Object {
                "entity": null,
                "style": Array [],
              },
              Object {
                "entity": null,
                "style": Array [],
              },
              Object {
                "entity": null,
                "style": Array [],
              },
              Object {
                "entity": null,
                "style": Array [],
              },
              Object {
                "entity": null,
                "style": Array [],
              },
              Object {
                "entity": null,
                "style": Array [],
              },
              Object {
                "entity": null,
                "style": Array [],
              },
              Object {
                "entity": null,
                "style": Array [],
              },
              Object {
                "entity": null,
                "style": Array [],
              },
              Object {
                "entity": null,
                "style": Array [],
              },
              Object {
                "entity": null,
                "style": Array [],
              },
              Object {
                "entity": null,
                "style": Array [],
              },
              Object {
                "entity": null,
                "style": Array [],
              },
              Object {
                "entity": null,
                "style": Array [],
              },
              Object {
                "entity": null,
                "style": Array [],
              },
              Object {
                "entity": null,
                "style": Array [],
              },
              Object {
                "entity": null,
                "style": Array [],
              },
              Object {
                "entity": null,
                "style": Array [],
              },
              Object {
                "entity": null,
                "style": Array [],
              },
              Object {
                "entity": null,
                "style": Array [],
              },
              Object {
                "entity": null,
                "style": Array [],
              },
            ],
            "data": Object {},
            "depth": 0,
            "key": "random_key",
            "text": "Gal_riv_1_sec_1 description",
            "type": "unstyled",
          },
        },
        "entityMap": Object {
          "__add": [Function],
          "__create": [Function],
          "__get": [Function],
          "__getLastCreatedEntityKey": [Function],
          "__mergeData": [Function],
          "__replaceData": [Function],
          "add": [Function],
          "create": [Function],
          "get": [Function],
          "getLastCreatedEntityKey": [Function],
          "mergeData": [Function],
          "replaceData": [Function],
        },
        "selectionAfter": Object {
          "anchorKey": "random_key",
          "anchorOffset": 0,
          "focusKey": "random_key",
          "focusOffset": 0,
          "hasFocus": false,
          "isBackward": false,
        },
        "selectionBefore": Object {
          "anchorKey": "random_key",
          "anchorOffset": 0,
          "focusKey": "random_key",
          "focusOffset": 0,
          "hasFocus": false,
          "isBackward": false,
        },
      },
      "decorator": null,
      "directionMap": Object {
        "random_key": "LTR",
      },
      "forceSelection": false,
      "inCompositionMode": false,
      "inlineStyleOverride": null,
      "lastChangeType": null,
      "nativelyRenderedContent": null,
      "redoStack": Array [],
      "selection": Object {
        "anchorKey": "random_key",
        "anchorOffset": 0,
        "focusKey": "random_key",
        "focusOffset": 0,
        "hasFocus": false,
        "isBackward": false,
      },
      "treeMap": Object {
        "random_key": Array [
          Object {
            "decoratorKey": null,
            "end": 27,
            "leaves": Array [
              Object {
                "end": 27,
                "start": 0,
              },
            ],
            "start": 0,
          },
        ],
      },
      "undoStack": Array [],
    },
  },
  "difficulty": 3.5,
  "difficultyXtra": "X",
  "distance": 11.1,
  "drop": 12.2,
  "duration": 20,
  "flows": Object {
    "approximate": false,
    "impossible": 40,
    "maximum": 30,
    "minimum": 10,
    "optimum": 20,
  },
  "flowsText": "Gal_riv_1_sec_1 flows text",
  "gauge": Object {
    "id": "aba8c106-aaa0-11e7-abc4-cec278b6b50a",
    "name": "Galicia gauge 1",
  },
  "hazardsTags": Array [
    Object {
      "category": "hazards",
      "id": "undercuts",
      "name": "Undercuts",
    },
  ],
  "id": "2b01742c-d443-11e7-9296-cec278b6b50a",
  "kayakingTags": Array [
    Object {
      "category": "kayaking",
      "id": "waterfalls",
      "name": "Waterfalls",
    },
  ],
  "levels": Object {
    "approximate": false,
    "impossible": 40,
    "maximum": 30,
    "minimum": 10,
    "optimum": 20,
  },
  "miscTags": Array [],
  "name": "Gal_riv_1_sec_1",
  "pois": Array [
    Object {
      "coordinates": Array [
        1.2,
        3.2,
        4.3,
      ],
      "description": "Some rapid",
      "id": "ca0bee06-d445-11e7-9296-cec278b6b50a",
      "kind": "rapid",
      "name": "Galicia Riv 1 Sec 1 Rapid",
    },
    Object {
      "coordinates": Array [
        5,
        6,
        7,
      ],
      "description": "Some portage",
      "id": "ef6f80ea-d445-11e7-9296-cec278b6b50a",
      "kind": "portage",
      "name": "Galicia Riv 1 Sec 1 Portage",
    },
  ],
  "rating": 4.5,
  "river": Object {
    "altNames": Array [],
    "id": "a8416664-bfe3-11e7-abc4-cec278b6b50a",
    "name": "Gal_Riv_One",
  },
  "season": "Gal_riv_1_sec_1 season",
  "seasonNumeric": Array [
    0,
    1,
    2,
    3,
    4,
  ],
  "shape": Array [
    Array [
      10,
      10,
      0,
    ],
    Array [
      20,
      20,
      0,
    ],
  ],
  "supplyTags": Array [],
}
`;
